// Jest Snapshot v1, https://goo.gl/fbAQLP

exports[`ExploreSearch renders correctly 1`] = `
<div
  className="search_container"
>
  <h3>
    Find your next favorite book!
  </h3>
  <div
    className="titleSearchWrapper"
  >
    <label
      className="titleSearchLabel"
      htmlFor="titleSearch"
    >
      Search:
    </label>
    <div
      className="search__input_wrapper"
    >
      <div
        className="autoCompWrapper"
      >
        <input
          autoComplete="off"
          className="searchInput"
          id="titleSearch"
          onChange={[Function]}
          onKeyDown={[Function]}
          type="search"
          value=""
        />
        <Autocomplete
          currentIndex={-1}
          onClick={[Function]}
          onSuggestions={[Function]}
          open={false}
          query=""
        />
      </div>
      <button
        className="search__submit"
        onClick={[Function]}
        type="submit"
      >
        <i
          className="circular search link icon"
        />
      </button>
    </div>
  </div>
</div>
`;
